Makefile:%l: .mduem/cache/Makefile.variables: No such file or directory
same 0
