t/,install-static
t/,install-static/Makefile
t/,install-static/README
