t/,install-post
t/,install-post/Makefile
t/,install-post/README
t/,install-post/doc
t/,install-post/doc/something.txt
t/,install-post/doc/tags
