t/,install-post
t/,install-post/Makefile
t/,install-post/README
