t/,install-renaming
t/,install-renaming/Makefile.renamed
t/,install-renaming/README.renamed
